====================================================================
빌드 실행  2026-08-01 00:53:50
회차       r4_korail — 실전모의고사 제4회 (30문항 / 35분)
명령       python build.py --round r4_korail --html
소요       0.6초
====================================================================

[회차] r4_korail — 실전모의고사 제4회 (30문항 / 35분 · 3개 영역)
[적재] 블록 27개 / 문항 30개
[정답분포] ①6 ②6 ③6 ④6 ⑤6
[배치] 펼침면 기준 재배치 (면 용량 978px, 블록 간격 28px)
  p 3(R)  860px  88% █████████████████    0,1,2,3,4
  p 4(L)  795px  81% ████████████████     5,6
  p 5(R)  742px  76% ███████████████      7
  p 6(L)  956px  98% ███████████████████  8,9,10,11,15
  p 7(R)  852px  87% █████████████████    12,13
  p 8(L)  954px  98% ███████████████████  14,16
  p 9(R)  799px  82% ████████████████     17,18,19
  p10(L)  926px  95% ██████████████████   20,21
  p11(R)  971px  99% ███████████████████  22,23,24
  p12(L)  854px  87% █████████████████    25,26
  평균 채움 89% / 55% 미만 면 0개
[정답순서] 01① 02⑤ 03② 04④ 05⑤ 06④ 07③ 08⑤ 09② 10④ 11③ 12④ 13② 14③ 15① 16② 17③ 18② 19④ 20④ 21⑤ 22⑤ 23③ 24① 25⑤ 26① 27② 28① 29③ 30①
[안내] 재배치 후 같은 정답이 2번 이어지는 곳이 있습니다 (허용 범위).
[출제이유] 30/30문항 기록
[출력] out\r4_korail\exam.html  (PDF 미생성)
[출력] out\r4_korail\solution.html  (PDF 미생성)
[출력] out\r4_korail\rationale.html  (PDF 미생성)
[안내] 브라우저로 열어 확인하고, 쪽나눔은 Ctrl+P(A4·배율 100%·여백 없음)로 본다.
