====================================================================
빌드 실행  2026-08-01 00:53:11
회차       r4_korail — 실전모의고사 제4회 (30문항 / 35분)
명령       python build.py --round r4_korail
소요       11.9초
====================================================================

[회차] r4_korail — 실전모의고사 제4회 (30문항 / 35분 · 3개 영역)
[적재] 블록 27개 / 문항 30개
[정답분포] ①6 ②6 ③6 ④6 ⑤6
[문항목록]
  01  의사소통능력  사자성어               정답 ①
  02  의사소통능력  속담적용               정답 ⑤
  03  의사소통능력  맞춤법                정답 ②
  04  의사소통능력  어휘구분               정답 ④
  05  의사소통능력  높임법                정답 ⑤
  06  의사소통능력  주제찾기               정답 ④
  07  의사소통능력  빈칸어휘               정답 ③
  08  의사소통능력  제목찾기               정답 ⑤
  09  의사소통능력  내용일치               정답 ②
  10  의사소통능력  내용추론               정답 ④
  11  수리능력    나머지                정답 ③
  12  수리능력    진법변환               정답 ④
  13  수리능력    규칙찾기               정답 ②
  14  수리능력    도형넓이               정답 ①
  15  수리능력    도형넓이               정답 ②
  16  수리능력    경우의수               정답 ③
  17  수리능력    확률                 정답 ③
  18  수리능력    값짝짓기               정답 ②
  19  수리능력    자료해석               정답 ④
  20  수리능력    금액산출               정답 ④
  21  문제해결능력  명제추론               정답 ⑤
  22  문제해결능력  논리오류               정답 ⑤
  23  문제해결능력  모듈적용               정답 ③
  24  문제해결능력  모듈적용               정답 ①
  25  문제해결능력  모듈적용               정답 ⑤
  26  문제해결능력  모듈적용               정답 ①
  27  문제해결능력  모듈적용               정답 ②
  28  문제해결능력  조건추리               정답 ①
  29  문제해결능력  조건추리               정답 ③
  30  문제해결능력  조건추리               정답 ①
[배치] 펼침면 기준 재배치 (면 용량 978px, 블록 간격 28px)
  p 3(R)  860px  88% █████████████████    0,1,2,3,4
  p 4(L)  795px  81% ████████████████     5,6
  p 5(R)  742px  76% ███████████████      7
  p 6(L)  956px  98% ███████████████████  8,9,10,11,15
  p 7(R)  852px  87% █████████████████    12,13
  p 8(L)  954px  98% ███████████████████  14,16
  p 9(R)  799px  82% ████████████████     17,18,19
  p10(L)  926px  95% ██████████████████   20,21
  p11(R)  971px  99% ███████████████████  22,23,24
  p12(L)  854px  87% █████████████████    25,26
  평균 채움 89% / 55% 미만 면 0개
[정답순서] 01① 02⑤ 03② 04④ 05⑤ 06④ 07③ 08⑤ 09② 10④ 11③ 12④ 13② 14③ 15① 16② 17③ 18② 19④ 20④ 21⑤ 22⑤ 23③ 24① 25⑤ 26① 27② 28① 29③ 30①
[안내] 재배치 후 같은 정답이 2번 이어지는 곳이 있습니다 (허용 범위).
[출제이유] 30/30문항 기록
[출력] NCS_봉투모의고사_4회_코레일_문제.pdf  (13쪽)
[출력] NCS_봉투모의고사_4회_코레일_해설.pdf  (18쪽)
[출력] NCS_봉투모의고사_4회_코레일_출제이유.pdf  (12쪽)
