====================================================================
빌드 실행  2026-08-01 10:58:00
회차       r4_korail — 실전모의고사 제4회 (30문항 / 35분)
명령       python build.py --round r4_korail --html
소요       0.6초
====================================================================

[회차] r4_korail — 실전모의고사 제4회 (30문항 / 35분 · 3개 영역)
[적재] 블록 27개 / 문항 30개
[정답분포] ①6 ②6 ③6 ④6 ⑤6
[배치] 펼침면 기준 재배치 (면 용량 978px, 블록 간격 32px)
  p 3(R)  883px  90% ██████████████████   0,1,2,3,4
  p 4(L)  803px  82% ████████████████     5,6
  p 5(R)  750px  77% ███████████████      7
  p 6(L)  978px 100% ████████████████████ 8,9,10,11,14
  p 7(R)  868px  89% █████████████████    12,13
  p 8(L)  347px  35% ███████              15,17
  p 9(R)  816px  83% ████████████████     16
  p10(L)  873px  89% █████████████████    18,19,24
  p11(R)  942px  96% ███████████████████  20,21
  p12(L)  754px  77% ███████████████      22,23
  p13(R)  877px  90% █████████████████    25,26
  평균 채움 83% / 55% 미만 면 1개
[정답순서] 01① 02⑤ 03② 04④ 05⑤ 06④ 07③ 08⑤ 09② 10④ 11③ 12④ 13② 14③ 15① 16② 17③ 18④ 19② 20④ 21⑤ 22⑤ 23② 24③ 25① 26⑤ 27① 28① 29③ 30①
[안내] 재배치 후 같은 정답이 2번 이어지는 곳이 있습니다 (허용 범위).
[출제이유] 30/30문항 기록
[출력] out\r4_korail\exam.html  (PDF 미생성)
[출력] out\r4_korail\solution.html  (PDF 미생성)
[출력] out\r4_korail\rationale.html  (PDF 미생성)
[안내] 브라우저로 열어 확인하고, 쪽나눔은 Ctrl+P(A4·배율 100%·여백 없음)로 본다.
