====================================================================
빌드 실행  2026-08-01 00:29:39
회차       r4_korail — 실전모의고사 제4회 (30문항 / 35분)
명령       python build.py --round r4_korail --preview --html
소요       0.6초
====================================================================

[회차] r4_korail — 실전모의고사 제4회 (30문항 / 35분 · 3개 영역)
[미완성] 의사소통능력(k1_communication.py 없음), 문제해결능력(k3_problem.py 없음)
[적재] 블록 9개 / 문항 10개
[정답분포] ①1 ②3 ③3 ④3 ⑤0
[배치] 펼침면 기준 재배치 (면 용량 978px, 블록 간격 28px)
  p 3(R)  846px  87% █████████████████    0,1,2,3
  p 4(L)  823px  84% ████████████████     4,5,6,8
  p 5(R)  804px  82% ████████████████     7
  평균 채움 84% / 55% 미만 면 0개
[정답순서] 01③ 02④ 03② 04① 05② 06③ 07③ 08④ 09② 10④
[안내] 재배치 후 같은 정답이 2번 이어지는 곳이 있습니다 (허용 범위).
[출제이유] 10/10문항 기록
[출력] out\r4_korail\exam_preview.html  (PDF 미생성)
[출력] out\r4_korail\solution_preview.html  (PDF 미생성)
[출력] out\r4_korail\rationale_preview.html  (PDF 미생성)
[안내] 브라우저로 열어 확인하고, 쪽나눔은 Ctrl+P(A4·배율 100%·여백 없음)로 본다.
