====================================================================
빌드 실행  2026-08-15 23:43:51
회차       r5_nhis — 실전모의고사 제5회 (60문항 / 60분)
명령       python build.py --round r5_nhis
소요       10.1초
====================================================================

[회차] r5_nhis — 실전모의고사 제5회 (60문항 / 60분 · 3개 영역)
[적재] 블록 37개 / 문항 60개
[정답분포] ①12 ②12 ③12 ④12 ⑤12
[문항목록]
  01  의사소통능력  내용일치               정답 ①
  02  의사소통능력  내용추론               정답 ②
  03  의사소통능력  빈칸어휘               정답 ⑤
  04  의사소통능력  주제찾기               정답 ①
  05  의사소통능력  내용일치               정답 ⑤
  06  의사소통능력  내용추론               정답 ④
  07  의사소통능력  어휘구분               정답 ⑤
  08  의사소통능력  사례적용               정답 ③
  09  의사소통능력  내용일치               정답 ④
  10  의사소통능력  내용추론               정답 ④
  11  의사소통능력  지시대상               정답 ⑤
  12  의사소통능력  제목찾기               정답 ①
  13  의사소통능력  내용일치               정답 ①
  14  의사소통능력  내용추론               정답 ②
  15  의사소통능력  빈칸어휘               정답 ⑤
  16  의사소통능력  사례적용               정답 ③
  17  의사소통능력  어휘구분               정답 ⑤
  18  의사소통능력  실무문서이해             정답 ①
  19  의사소통능력  문단배열               정답 ④
  20  의사소통능력  높임법                정답 ⑤
  21  수리능력    자료해석(비중·비교)        정답 ①
  22  수리능력    자료해석(비중·비교)        정답 ①
  23  수리능력    자료해석(비중·비교)        정답 ⑤
  24  수리능력    자료해석(비중·증감률)       정답 ①
  25  수리능력    자료해석(지수)           정답 ④
  26  수리능력    자료해석(비중·증감률)       정답 ③
  27  수리능력    자료해석(값 산출)         정답 ④
  28  수리능력    자료해석(빈칸 추론)        정답 ①
  29  수리능력    자료해석(값 산출)         정답 ①
  30  수리능력    자료해석(가중평균)         정답 ④
  31  수리능력    자료해석(그래프 변환)       정답 ②
  32  수리능력    자료해석(비중·비교)        정답 ④
  33  수리능력    금액산출               정답 ②
  34  수리능력    금액산출               정답 ①
  35  수리능력    일률                 정답 ④
  36  수리능력    농도                 정답 ⑤
  37  수리능력    거리·속력·시간           정답 ②
  38  수리능력    경우의 수              정답 ④
  39  수리능력    확률                 정답 ②
  40  수리능력    원가·할인              정답 ⑤
  41  문제해결능력  규정적용               정답 ③
  42  문제해결능력  규정적용               정답 ④
  43  문제해결능력  규정적용               정답 ②
  44  문제해결능력  규정적용               정답 ③
  45  문제해결능력  규정적용               정답 ②
  46  문제해결능력  규정적용               정답 ②
  47  문제해결능력  규정적용               정답 ③
  48  문제해결능력  규정적용               정답 ②
  49  문제해결능력  조건추론(순서)           정답 ⑤
  50  문제해결능력  조건추론(순서)           정답 ③
  51  문제해결능력  조건추론(순서)           정답 ②
  52  문제해결능력  참거짓                정답 ③
  53  문제해결능력  명제추론               정답 ③
  54  문제해결능력  논리오류               정답 ②
  55  문제해결능력  원인추론               정답 ③
  56  문제해결능력  모듈적용               정답 ①
  57  문제해결능력  SWOT전략             정답 ③
  58  문제해결능력  모듈적용               정답 ④
  59  문제해결능력  모듈적용               정답 ③
  60  문제해결능력  모듈적용               정답 ⑤
[배치] 펼침면 기준 재배치 (면 용량 978px, 블록 간격 32px)
  p 3(R)  348px  36% ███████              5
  p 4(L)  436px  45% ████████             0지문
  p 5(R)  683px  70% █████████████        0문항
  p 6(L)  436px  45% ████████             1지문
  p 7(R)  683px  70% █████████████        1문항
  p 8(L)  392px  40% ████████             2지문
  p 9(R)  796px  81% ████████████████     2문항
  p10(L)  414px  42% ████████             3지문
  p11(R)  977px 100% ███████████████████  3문항,4
  p12(L)  972px  99% ███████████████████  6,7,12,10
  p13(R)  974px 100% ███████████████████  8,13
  p14(L)  911px  93% ██████████████████   9,16
  p15(R)  926px  95% ██████████████████   11,14
  p16(L)  970px  99% ███████████████████  15,17,18,19,20,21
  p17(R)  136px  14% ██                   22
  p18(L)  625px  64% ████████████         23지문
  p19(R)  947px  97% ███████████████████  23문항,24
  p20(L)  945px  97% ███████████████████  25,31,34
  p21(R)  947px  97% ███████████████████  26
  p22(L)  875px  89% █████████████████    27
  p23(R)  783px  80% ████████████████     28,29,30
  p24(L)  882px  90% ██████████████████   32,33,35
  p25(R)  242px  25% ████                 36
  평균 채움 72% / 55% 미만 면 7개
[정답순서] 01① 02① 03② 04⑤ 05① 06⑤ 07④ 08⑤ 09③ 10④ 11④ 12⑤ 13① 14① 15② 16⑤ 17③ 18⑤ 19④ 20⑤ 21① 22④ 23① 24① 25⑤ 26④ 27① 28④ 29③ 30① 31① 32② 33④ 34② 35④ 36⑤ 37② 38④ 39② 40⑤ 41③ 42④ 43② 44③ 45② 46③ 47④ 48② 49③ 50② 51⑤ 52③ 53② 54③ 55③ 56② 57① 58③ 59③ 60⑤
[안내] 재배치 후 같은 정답이 2번 이어지는 곳이 있습니다 (허용 범위).
[출제이유] 60/60문항 기록
[출력] NCS_봉투모의고사_5회_건보_문제.pdf  (26쪽)
[문항지도] 60문항 · 18면 → page_map.json
[출력] NCS_봉투모의고사_5회_건보_해설.pdf  (32쪽)
[출력] NCS_봉투모의고사_5회_건보_출제이유.pdf  (14쪽)
