====================================================================
빌드 실행  2026-08-12 14:10:31
회차       r5_nhis — 실전모의고사 제5회 (60문항 / 60분)
명령       python build.py --round r5_nhis --html
소요       0.7초
====================================================================

[회차] r5_nhis — 실전모의고사 제5회 (60문항 / 60분 · 3개 영역)
[적재] 블록 37개 / 문항 60개
[정답분포] ①12 ②12 ③12 ④12 ⑤12
[배치] 펼침면 기준 재배치 (면 용량 978px, 블록 간격 32px)
  p 3(R)  348px  36% ███████              5
  p 4(L)  436px  45% ████████             0지문
  p 5(R)  683px  70% █████████████        0문항
  p 6(L)  436px  45% ████████             1지문
  p 7(R)  683px  70% █████████████        1문항
  p 8(L)  392px  40% ████████             2지문
  p 9(R)  796px  81% ████████████████     2문항
  p10(L)  414px  42% ████████             3지문
  p11(R)  977px 100% ███████████████████  3문항,4
  p12(L)  972px  99% ███████████████████  6,7,12,10
  p13(R)  974px 100% ███████████████████  8,13
  p14(L)  911px  93% ██████████████████   9,16
  p15(R)  926px  95% ██████████████████   11,14
  p16(L)  970px  99% ███████████████████  15,17,18,19,20,21
  p17(R)  900px  92% ██████████████████   22,23
  p18(L)  975px 100% ███████████████████  24,25,29
  p19(R)  947px  97% ███████████████████  26
  p20(L)  875px  89% █████████████████    27
  p21(R)  852px  87% █████████████████    28,30,31
  p22(L)  761px  78% ███████████████      32,33,34
  p23(R)  543px  56% ███████████          35,36
  평균 채움 77% / 55% 미만 면 5개
[정답순서] 01① 02① 03② 04⑤ 05① 06⑤ 07④ 08⑤ 09③ 10④ 11④ 12⑤ 13① 14① 15② 16⑤ 17③ 18⑤ 19④ 20⑤ 21① 22④ 23① 24① 25⑤ 26④ 27① 28④ 29③ 30① 31① 32② 33④ 34② 35④ 36⑤ 37② 38④ 39② 40⑤ 41③ 42④ 43② 44③ 45② 46③ 47② 48③ 49② 50⑤ 51③ 52② 53③ 54② 55③ 56① 57③ 58④ 59③ 60⑤
[안내] 재배치 후 같은 정답이 2번 이어지는 곳이 있습니다 (허용 범위).
[출제이유] 60/60문항 기록
[출력] out\r5_nhis\exam.html  (PDF 미생성)
[출력] out\r5_nhis\solution.html  (PDF 미생성)
[출력] out\r5_nhis\rationale.html  (PDF 미생성)
[안내] 브라우저로 열어 확인하고, 쪽나눔은 Ctrl+P(A4·배율 100%·여백 없음)로 본다.
