====================================================================
빌드 실행  2026-08-01 00:54:28
회차       r5_nhis — 실전모의고사 제5회 (60문항 / 60분)
명령       python build.py --round r5_nhis --html
소요       0.5초
====================================================================

[회차] r5_nhis — 실전모의고사 제5회 (60문항 / 60분 · 3개 영역)
[미완성] 의사소통능력(c1_communication.py 없음), 수리능력(c2_math.py 없음), 문제해결능력(c3_problem.py 없음)
[적재] 블록 0개 / 문항 0개
[정답분포] ①0 ②0 ③0 ④0 ⑤0
[경고]
  - 정답 ① 0개 (권장 10~14개)
  - 정답 ② 0개 (권장 10~14개)
  - 정답 ③ 0개 (권장 10~14개)
  - 정답 ④ 0개 (권장 10~14개)
  - 정답 ⑤ 0개 (권장 10~14개)
[배치] 펼침면 기준 재배치 (면 용량 978px, 블록 간격 8px)
  평균 채움 0% / 55% 미만 면 0개
[정답순서] 
[출력] out\r5_nhis\exam.html  (PDF 미생성)
[출력] out\r5_nhis\solution.html  (PDF 미생성)
[안내] 브라우저로 열어 확인하고, 쪽나눔은 Ctrl+P(A4·배율 100%·여백 없음)로 본다.
