====================================================================
빌드 실행  2026-08-28 10:51:25
회차       r6_seoulmetro — 실전모의고사 제6회 (40문항 / 45분)
명령       python build.py --round r6_seoulmetro
소요       11.8초
====================================================================

[회차] r6_seoulmetro — 실전모의고사 제6회 (40문항 / 45분 · 10개 영역)
[적재] 블록 39개 / 문항 40개
[정답분포] ①8 ②8 ③8 ④8 ⑤8
[문항목록]
  01  의사소통능력  내용일치               정답 ④
  02  의사소통능력  내용추론               정답 ②
  03  의사소통능력  연결어                정답 ⑤
  04  의사소통능력  속담                 정답 ③
  05  수리능력    자료해석(구성비)          정답 ③
  06  수리능력    거리·속력·시간           정답 ①
  07  수리능력    요금·거리              정답 ④
  08  수리능력    최소공배수              정답 ②
  09  문제해결능력  조건부합(배치)           정답 ⑤
  10  문제해결능력  조건부합(순서)           정답 ①
  11  문제해결능력  <보기> 조합            정답 ②
  12  문제해결능력  날짜 유추              정답 ④
  13  자기개발능력  자기개발 구성요소          정답 ③
  14  자기개발능력  경력개발 유형            정답 ⑤
  15  자기개발능력  소극행정               정답 ①
  16  자기개발능력  내용일치               정답 ④
  17  대인관계능력  갈등해결               정답 ②
  18  대인관계능력  팔로워십               정답 ⑤
  19  대인관계능력  감정은행계좌             정답 ③
  20  대인관계능력  경청                 정답 ①
  21  자원관리능력  직접비·간접비            정답 ②
  22  자원관리능력  인력 배치              정답 ④
  23  자원관리능력  비용 비교              정답 ①
  24  자원관리능력  &lt;보기&gt; 조합      정답 ⑤
  25  정보능력    출력코드               정답 ③
  26  정보능력    출력코드               정답 ①
  27  정보능력    엑셀 함수              정답 ④
  28  정보능력    한글 기능              정답 ②
  29  기술능력    산업재해 원인            정답 ⑤
  30  기술능력    산업재해 예방 단계         정답 ③
  31  기술능력    벤치마킹               정답 ①
  32  기술능력    매뉴얼 적용             정답 ④
  33  조직이해능력  조직문화               정답 ②
  34  조직이해능력  조직구조               정답 ⑤
  35  조직이해능력  내용일치               정답 ③
  36  조직이해능력  결재 규정              정답 ①
  37  직업윤리    비즈니스 예절            정답 ④
  38  직업윤리    기업윤리               정답 ②
  39  직업윤리    내용일치               정답 ⑤
  40  직업윤리    상황 판단              정답 ③
[배치] 펼침면 기준 재배치 (면 용량 978px, 블록 간격 32px)
  p 3(R)  733px  75% ██████████████       0
  p 4(L)  932px  95% ███████████████████  1,2,4
  p 5(R)  690px  71% ██████████████       3,5
  p 6(L)  682px  70% █████████████        6,7
  p 7(R)  791px  81% ████████████████     8,9
  p 8(L)  660px  67% █████████████        10,11
  p 9(R)  670px  69% █████████████        12,13
  p10(L)  742px  76% ███████████████      14,15
  p11(R)  650px  66% █████████████        16,17
  p12(L)  719px  74% ██████████████       18,19
  p13(R)  832px  85% █████████████████    20,21
  p14(L)  793px  81% ████████████████     22,23
  p15(R)  731px  75% ██████████████       24,25
  p16(L)  907px  93% ██████████████████   26,27,28
  p17(R)  699px  71% ██████████████       29,30
  p18(L)  673px  69% █████████████        31,32
  p19(R)  964px  99% ███████████████████  33,34
  p20(L)  969px  99% ███████████████████  35,36,38
  p21(R)  407px  42% ████████             37
  평균 채움 77% / 55% 미만 면 1개
[정답순서] 01④ 02② 03⑤ 04③ 05① 06③ 07④ 08② 09⑤ 10① 11② 12④ 13③ 14⑤ 15① 16④ 17② 18⑤ 19③ 20① 21② 22④ 23① 24⑤ 25③ 26① 27④ 28② 29⑤ 30③ 31① 32④ 33② 34⑤ 35③ 36① 37④ 38② 39③ 40⑤
[출력] NCS_봉투모의고사_6회_서울교통공사_문제.pdf  (22쪽)
[문항지도] 40문항 · 19면 → page_map.json
[출력] NCS_봉투모의고사_6회_서울교통공사_해설.pdf  (20쪽)
