====================================================================
빌드 실행  2026-08-28 10:48:17
회차       r6_seoulmetro — 실전모의고사 제6회 (40문항 / 45분)
명령       python build.py --round r6_seoulmetro --html
소요       0.8초
====================================================================

[회차] r6_seoulmetro — 실전모의고사 제6회 (40문항 / 45분 · 10개 영역)
[적재] 블록 39개 / 문항 40개
[정답분포] ①8 ②8 ③8 ④8 ⑤8
[배치] 펼침면 기준 재배치 (면 용량 978px, 블록 간격 32px)
  p 3(R)  733px  75% ██████████████       0
  p 4(L)  932px  95% ███████████████████  1,2,4
  p 5(R)  690px  71% ██████████████       3,5
  p 6(L)  682px  70% █████████████        6,7
  p 7(R)  791px  81% ████████████████     8,9
  p 8(L)  660px  67% █████████████        10,11
  p 9(R)  670px  69% █████████████        12,13
  p10(L)  742px  76% ███████████████      14,15
  p11(R)  650px  66% █████████████        16,17
  p12(L)  719px  74% ██████████████       18,19
  p13(R)  832px  85% █████████████████    20,21
  p14(L)  793px  81% ████████████████     22,23
  p15(R)  731px  75% ██████████████       24,25
  p16(L)  907px  93% ██████████████████   26,27,28
  p17(R)  699px  71% ██████████████       29,30
  p18(L)  673px  69% █████████████        31,32
  p19(R)  964px  99% ███████████████████  33,34
  p20(L)  969px  99% ███████████████████  35,36,38
  p21(R)  407px  42% ████████             37
  평균 채움 77% / 55% 미만 면 1개
[정답순서] 01④ 02② 03⑤ 04③ 05① 06③ 07④ 08② 09⑤ 10① 11② 12④ 13③ 14⑤ 15① 16④ 17② 18⑤ 19③ 20① 21② 22④ 23① 24⑤ 25③ 26① 27④ 28② 29⑤ 30③ 31① 32④ 33② 34⑤ 35③ 36① 37④ 38② 39③ 40⑤
[출력] out\r6_seoulmetro\exam.html  (PDF 미생성)
[출력] out\r6_seoulmetro\solution.html  (PDF 미생성)
[안내] 브라우저로 열어 확인하고, 쪽나눔은 Ctrl+P(A4·배율 100%·여백 없음)로 본다.
