====================================================================
빌드 실행  2026-07-29 17:26:40
명령       python build.py --preview
소요       8.7초
====================================================================

[미완성] 정보능력: 문항 수 3개 (설계 6개), 기술능력(a6_tech.py 없음), 조직이해능력(a7_org.py 없음), 직업윤리(a8_ethics.py 없음)
[적재] 블록 25개 / 문항 30개
[정답분포] ①6 ②6 ③6 ④6 ⑤6
[문항목록]
  01  의사소통능력  내용추론               정답 ①
  02  의사소통능력  사례적용               정답 ⑤
  03  의사소통능력  내용일치               정답 ①
  04  의사소통능력  공문서작성              정답 ④
  05  의사소통능력  실무문서이해             정답 ①
  06  의사소통능력  내용추론               정답 ⑤
  07  의사소통능력  문단배열               정답 ③
  08  수리능력    응용수리(일률)           정답 ③
  09  수리능력    응용수리(원가·할인)        정답 ②
  10  수리능력    자료해석(비중·증감률)       정답 ④
  11  수리능력    자료해석(비중·비교)        정답 ②
  12  수리능력    자료해석(값 산출)         정답 ⑤
  13  수리능력    자료해석(교차참조)         정답 ①
  14  수리능력    자료해석(빈칸 추론)        정답 ④
  15  문제해결능력  조건추론(배정)           정답 ③
  16  문제해결능력  조건추론(순서)           정답 ②
  17  문제해결능력  규정이해               정답 ⑤
  18  문제해결능력  사례판정               정답 ②
  19  문제해결능력  원인추론               정답 ④
  20  문제해결능력  절차적용               정답 ③
  21  문제해결능력  SWOT전략             정답 ①
  22  자원관리능력  물적자원(조건대조)         정답 ③
  23  자원관리능력  예산관리(견적비교)         정답 ②
  24  자원관리능력  규정이해               정답 ④
  25  자원관리능력  금액산출               정답 ③
  26  자원관리능력  조건대조(배정)           정답 ①
  27  자원관리능력  인적자원(가중배점)         정답 ⑤
  28  정보능력    자료판단               정답 ②
  29  정보능력    우선순위 판단            정답 ⑤
  30  정보능력    엑셀함수               정답 ④
[배치] 펼침면 기준 재배치 (면 용량 978px, 영역 헤더 73px, 블록 간격 20px)
  p 3(R)  609px  62% ████████████         4
  p 4(L)  535px  55% ██████████           0지문
  p 5(R)  943px  96% ███████████████████  0문항,1
  p 6(L)  922px  94% ██████████████████   2,5
  p 7(R)  931px  95% ███████████████████  3,6
  p 8(L)  846px  87% █████████████████    7,8
  p 9(R)  833px  85% █████████████████    9
  p10(L)  782px  80% ███████████████      10,11
  p11(R)  722px  74% ██████████████       12,13
  p12(L)  980px 100% ████████████████████ 14
  p13(R)  961px  98% ███████████████████  15,16
  p14(L)  895px  92% ██████████████████   17,18
  p15(R)  835px  85% █████████████████    19,22
  p16(L)  736px  75% ███████████████      20
  p17(R)  787px  80% ████████████████     21,24
  p18(L)  946px  97% ███████████████████  23
  평균 채움 85% / 55% 미만 면 1개
[정답순서] 01⑤ 02① 03⑤ 04① 05④ 06③ 07① 08③ 09② 10④ 11② 12⑤ 13① 14④ 15③ 16② 17⑤ 18② 19④ 20③ 21① 22③ 23② 24⑤ 25④ 26③ 27① 28④ 29② 30⑤
[출력] NCS_봉투모의고사_1회_문제_preview.pdf  (19쪽)
[출력] NCS_봉투모의고사_1회_해설_preview.pdf  (16쪽)
