====================================================================
빌드 실행  2026-07-28 15:38:43
명령       python build.py --preview
소요       8.5초
====================================================================

[미완성] 수리능력: 문항 수 3개 (설계 7개), 문제해결능력(a3_problem.py 없음), 자원관리능력(a4_resource.py 없음), 정보능력(a5_info.py 없음), 기술능력(a6_tech.py 없음), 조직이해능력(a7_org.py 없음), 직업윤리(a8_ethics.py 없음)
[적재] 블록 9개 / 문항 10개
[정답분포] ①2 ②2 ③2 ④2 ⑤2
[문항목록]
  01  의사소통능력  내용추론               정답 ①
  02  의사소통능력  사례적용               정답 ⑤
  03  의사소통능력  내용일치               정답 ②
  04  의사소통능력  공문서작성              정답 ④
  05  의사소통능력  실무문서이해             정답 ①
  06  의사소통능력  내용추론               정답 ⑤
  07  의사소통능력  문단배열               정답 ③
  08  수리능력    응용수리(일률)           정답 ③
  09  수리능력    응용수리(원가·할인)        정답 ②
  10  수리능력    자료해석(비중·증감률)       정답 ④
[출력] NCS_봉투모의고사_1회_문제_preview.pdf  (10쪽)
[출력] NCS_봉투모의고사_1회_해설_preview.pdf  (6쪽)
