====================================================================
빌드 실행  2026-07-31 16:17:27
회차       r1_public — 실전모의고사 제1회 (50문항 / 60분)
명령       python build.py --round r1_public --html
소요       0.8초
====================================================================

[회차] r1_public — 실전모의고사 제1회 (50문항 / 60분 · 8개 영역)
[적재] 블록 44개 / 문항 50개
[정답분포] ①10 ②10 ③10 ④10 ⑤10
[배치] 펼침면 기준 재배치 (면 용량 978px, 블록 간격 20px)
  p 3(R)  924px  94% ██████████████████   0
  p 4(L)  941px  96% ███████████████████  1,5
  p 5(R)  491px  50% ██████████           2
  p 6(L)  549px  56% ███████████          3
  p 7(R)  938px  96% ███████████████████  4,6
  p 8(L)  846px  87% █████████████████    7,8
  p 9(R)  833px  85% █████████████████    9
  p10(L)  782px  80% ███████████████      10,11
  p11(R)  978px 100% ████████████████████ 12,13,17
  p12(L)  980px 100% ████████████████████ 14
  p13(R)  961px  98% ███████████████████  15,16
  p14(L)  890px  91% ██████████████████   18,19
  p15(R)  736px  75% ███████████████      20
  p16(L)  800px  82% ████████████████     21,22
  p17(R)  873px  89% █████████████████    23
  p18(L)  866px  89% █████████████████    24,25
  p19(R)  783px  80% ████████████████     26,27
  p20(L)  872px  89% █████████████████    28
  p21(R)  916px  94% ██████████████████   29,30
  p22(L)  768px  79% ███████████████      31,32
  p23(R)  602px  62% ████████████         33
  p24(L)  921px  94% ██████████████████   34,35
  p25(R)  937px  96% ███████████████████  36,37
  p26(L)  917px  94% ██████████████████   38,39
  p27(R)  801px  82% ████████████████     40,41
  p28(L)  478px  49% █████████            42
  p29(R)  596px  61% ████████████         43
  평균 채움 83% / 55% 미만 면 2개
[정답순서] 01① 02⑤ 03① 04③ 05④ 06① 07⑤ 08③ 09② 10④ 11② 12⑤ 13① 14④ 15③ 16② 17① 18⑤ 19② 20④ 21③ 22③ 23② 24④ 25③ 26① 27⑤ 28② 29⑤ 30④ 31② 32④ 33① 34③ 35⑤ 36② 37④ 38① 39③ 40⑤ 41① 42③ 43⑤ 44② 45④ 46③ 47① 48④ 49② 50⑤
[출력] out\r1_public\exam.html  (PDF 미생성)
[출력] out\r1_public\solution.html  (PDF 미생성)
[안내] 브라우저로 열어 확인하고, 쪽나눔은 Ctrl+P(A4·배율 100%·여백 없음)로 본다.
