====================================================================
빌드 실행  2026-08-15 23:43:22
회차       r1_public — 실전모의고사 제1회 (50문항 / 60분)
명령       python build.py --round r1_public
소요       11.0초
====================================================================

[회차] r1_public — 실전모의고사 제1회 (50문항 / 60분 · 8개 영역)
[적재] 블록 44개 / 문항 50개
[정답분포] ①10 ②10 ③10 ④10 ⑤10
[문항목록]
  01  의사소통능력  내용추론               정답 ①
  02  의사소통능력  사례적용               정답 ⑤
  03  의사소통능력  내용일치               정답 ①
  04  의사소통능력  공문서작성              정답 ④
  05  의사소통능력  실무문서이해             정답 ①
  06  의사소통능력  내용추론               정답 ⑤
  07  의사소통능력  문단배열               정답 ③
  08  수리능력    일률                 정답 ③
  09  수리능력    원가·할인              정답 ②
  10  수리능력    자료해석(비중·증감률)       정답 ④
  11  수리능력    자료해석(비중·비교)        정답 ②
  12  수리능력    자료해석(값 산출)         정답 ⑤
  13  수리능력    자료해석(교차참조)         정답 ①
  14  수리능력    자료해석(빈칸 추론)        정답 ④
  15  문제해결능력  조건추론(배정)           정답 ③
  16  문제해결능력  조건추론(순서)           정답 ②
  17  문제해결능력  규정이해               정답 ⑤
  18  문제해결능력  사례판정               정답 ②
  19  문제해결능력  원인추론               정답 ④
  20  문제해결능력  절차적용               정답 ③
  21  문제해결능력  SWOT전략             정답 ①
  22  자원관리능력  물적자원(조건대조)         정답 ③
  23  자원관리능력  예산관리(견적비교)         정답 ②
  24  자원관리능력  규정이해               정답 ④
  25  자원관리능력  금액산출               정답 ③
  26  자원관리능력  조건대조(배정)           정답 ①
  27  자원관리능력  인적자원(가중배점)         정답 ⑤
  28  정보능력    자료판단               정답 ②
  29  정보능력    우선순위 판단            정답 ⑤
  30  정보능력    엑셀함수               정답 ④
  31  정보능력    엑셀수식검증             정답 ②
  32  정보능력    절차적용               정답 ④
  33  정보능력    코드부여               정답 ①
  34  기술능력    매뉴얼이해              정답 ③
  35  기술능력    증상별조치              정답 ⑤
  36  기술능력    내용추론               정답 ②
  37  기술능력    사양산정               정답 ④
  38  기술능력    산업재해               정답 ①
  39  기술능력    기술선택               정답 ③
  40  조직이해능력  조직구조               정답 ⑤
  41  조직이해능력  규정이해               정답 ①
  42  조직이해능력  경영전략               정답 ③
  43  조직이해능력  일정조율               정답 ⑤
  44  조직이해능력  업무프로세스             정답 ②
  45  조직이해능력  규정이해               정답 ④
  46  직업윤리    사례판정               정답 ③
  47  직업윤리    상황판단               정답 ①
  48  직업윤리    규정이해               정답 ④
  49  직업윤리    절차적용               정답 ②
  50  직업윤리    사례판정               정답 ⑤
[배치] 펼침면 기준 재배치 (면 용량 978px, 블록 간격 32px)
  p 3(R)  955px  98% ███████████████████  0
  p 4(L)  515px  53% ██████████           1
  p 5(R)  515px  53% ██████████           2
  p 6(L)  574px  59% ███████████          3
  p 7(R)  627px  64% ████████████         4
  p 8(L)  812px  83% ████████████████     5,6
  p 9(R)  904px  92% ██████████████████   7,8
  p10(L)  915px  94% ██████████████████   9
  p11(R)  836px  85% █████████████████    10,11
  p12(L)  702px  72% ██████████████       12,13
  p13(R) 1007px 103% ████████████████████ 14
  p14(L)  852px  87% █████████████████    15,17
  p15(R)  978px 100% ████████████████████ 16,22
  p16(L)  948px  97% ███████████████████  18,19
  p17(R)  785px  80% ████████████████     20
  p18(L)  884px  90% ██████████████████   21,26
  p19(R)  949px  97% ███████████████████  23
  p20(L)  920px  94% ██████████████████   24,25
  p21(R)  876px  90% █████████████████    27,29
  p22(L)  932px  95% ███████████████████  28
  p23(R)  759px  78% ███████████████      30,31
  p24(L)  952px  97% ███████████████████  32,35
  p25(R)  631px  65% ████████████         33
  p26(L)  938px  96% ███████████████████  34,36
  p27(R)  543px  56% ███████████          37
  p28(L)  970px  99% ███████████████████  38,39
  p29(R)  850px  87% █████████████████    40,41
  p30(L)  503px  51% ██████████           42
  p31(R)  624px  64% ████████████         43
  평균 채움 82% / 55% 미만 면 3개
[정답순서] 01① 02⑤ 03① 04④ 05① 06⑤ 07③ 08③ 09② 10④ 11② 12⑤ 13① 14④ 15③ 16② 17⑤ 18② 19④ 20① 21③ 22⑤ 23③ 24② 25④ 26③ 27① 28④ 29② 30⑤ 31④ 32② 33① 34② 35③ 36⑤ 37④ 38① 39③ 40③ 41⑤ 42① 43⑤ 44② 45④ 46③ 47① 48④ 49② 50⑤
[안내] 재배치 후 같은 정답이 2번 이어지는 곳이 있습니다 (허용 범위).
[출제이유] 50/50문항 기록
[출력] NCS_봉투모의고사_1회_문제.pdf  (32쪽)
[문항지도] 50문항 · 29면 → page_map.json
[출력] NCS_봉투모의고사_1회_해설.pdf  (25쪽)
[출력] NCS_봉투모의고사_1회_출제이유.pdf  (18쪽)
