====================================================================
빌드 실행  2026-08-01 11:34:25
회차       r1_public — 실전모의고사 제1회 (50문항 / 60분)
명령       python build.py --round r1_public --html
소요       0.7초
====================================================================

[회차] r1_public — 실전모의고사 제1회 (50문항 / 60분 · 8개 영역)
[적재] 블록 44개 / 문항 50개
[정답분포] ①10 ②10 ③10 ④10 ⑤10
[배치] 펼침면 기준 재배치 (면 용량 978px, 블록 간격 32px)
  p 3(R)  626px  64% ████████████         4
  p 4(L)  485px  50% █████████            0지문
  p 5(R)  502px  51% ██████████           0문항
  p 6(L)  519px  53% ██████████           1
  p 7(R)  519px  53% ██████████           2
  p 8(L)  577px  59% ███████████          3
  p 9(R)  820px  84% ████████████████     5,6
  p10(L)  910px  93% ██████████████████   7,8
  p11(R)  923px  94% ██████████████████   9
  p12(L)  844px  86% █████████████████    10,11
  p13(R)  710px  73% ██████████████       12,13
  p14(L)  479px  49% █████████            14지문
  p15(R)  902px  92% ██████████████████   14문항,17
  p16(L)  502px  51% ██████████           15
  p17(R)  944px  97% ███████████████████  16,19
  p18(L)  916px  94% ██████████████████   18,21
  p19(R)  810px  83% ████████████████     20
  p20(L)  973px  99% ███████████████████  22,26
  p21(R)  962px  98% ███████████████████  23
  p22(L)  928px  95% ██████████████████   24,25
  p23(R)  911px  93% ██████████████████   27,29
  p24(L)  941px  96% ███████████████████  28
  p25(R)  766px  78% ███████████████      30,31
  p26(L)  960px  98% ███████████████████  32,35
  p27(R)  635px  65% ████████████         33
  p28(L)  946px  97% ███████████████████  34,36
  p29(R)  547px  56% ███████████          37
  p30(L)  977px 100% ███████████████████  38,39
  p31(R)  857px  88% █████████████████    40,41
  p32(L)  506px  52% ██████████           42
  p33(R)  628px  64% ████████████         43
  평균 채움 78% / 55% 미만 면 7개
[정답순서] 01⑤ 02① 03⑤ 04① 05④ 06① 07③ 08③ 09② 10④ 11② 12⑤ 13① 14④ 15③ 16② 17⑤ 18② 19① 20④ 21③ 22② 23③ 24① 25④ 26③ 27⑤ 28④ 29② 30⑤ 31④ 32② 33① 34② 35③ 36⑤ 37④ 38① 39③ 40③ 41⑤ 42① 43⑤ 44② 45④ 46③ 47① 48④ 49② 50⑤
[안내] 재배치 후 같은 정답이 2번 이어지는 곳이 있습니다 (허용 범위).
[출력] out\r1_public\exam.html  (PDF 미생성)
[출력] out\r1_public\solution.html  (PDF 미생성)
[안내] 브라우저로 열어 확인하고, 쪽나눔은 Ctrl+P(A4·배율 100%·여백 없음)로 본다.
