====================================================================
빌드 실행  2026-08-01 10:56:45
회차       r1_public — 실전모의고사 제1회 (50문항 / 60분)
명령       python build.py --round r1_public --html
소요       0.7초
====================================================================

[회차] r1_public — 실전모의고사 제1회 (50문항 / 60분 · 8개 영역)
[적재] 블록 44개 / 문항 50개
[정답분포] ①10 ②10 ③10 ④10 ⑤10
[배치] 펼침면 기준 재배치 (면 용량 978px, 블록 간격 35px)
  p 3(R)  943px  96% ███████████████████  0
  p 4(L)  971px  99% ███████████████████  1,5
  p 5(R)  506px  52% ██████████           2
  p 6(L)  564px  58% ███████████          3
  p 7(R)  972px  99% ███████████████████  4,6
  p 8(L)  883px  90% ██████████████████   7,8
  p 9(R)  870px  89% █████████████████    9
  p10(L)  816px  83% ████████████████     10,11
  p11(R)  683px  70% █████████████        12,13
  p12(L)  456px  47% █████████            14지문
  p13(R)  858px  88% █████████████████    14문항,17
  p14(L)  489px  50% ██████████           15
  p15(R)  959px  98% ███████████████████  16,22
  p16(L)  927px  95% ██████████████████   18,19
  p17(R)  770px  79% ███████████████      20
  p18(L)  866px  89% █████████████████    21,26
  p19(R)  910px  93% ██████████████████   23
  p20(L)  900px  92% ██████████████████   24,25
  p21(R)  883px  90% ██████████████████   27,29
  p22(L)  902px  92% ██████████████████   28
  p23(R)  739px  76% ███████████████      30,31
  p24(L)  932px  95% ███████████████████  32,35
  p25(R)  621px  63% ████████████         33
  p26(L)  918px  94% ██████████████████   34,36
  p27(R)  976px 100% ███████████████████  37,38
  p28(L)  932px  95% ███████████████████  39,40
  p29(R)  900px  92% ██████████████████   41,42
  p30(L)  615px  63% ████████████         43
  평균 채움 83% / 55% 미만 면 3개
[정답순서] 01① 02⑤ 03① 04③ 05④ 06① 07⑤ 08③ 09② 10④ 11② 12⑤ 13① 14④ 15③ 16② 17⑤ 18② 19① 20④ 21③ 22⑤ 23③ 24② 25④ 26③ 27① 28④ 29② 30⑤ 31④ 32② 33① 34② 35③ 36⑤ 37④ 38① 39③ 40③ 41⑤ 42① 43⑤ 44② 45④ 46③ 47① 48④ 49② 50⑤
[안내] 재배치 후 같은 정답이 2번 이어지는 곳이 있습니다 (허용 범위).
[출력] out\r1_public\exam.html  (PDF 미생성)
[출력] out\r1_public\solution.html  (PDF 미생성)
[안내] 브라우저로 열어 확인하고, 쪽나눔은 Ctrl+P(A4·배율 100%·여백 없음)로 본다.
