====================================================================
빌드 실행  2026-08-01 10:56:35
회차       r1_public — 실전모의고사 제1회 (50문항 / 60분)
명령       python build.py --round r1_public --html
소요       0.7초
====================================================================

[회차] r1_public — 실전모의고사 제1회 (50문항 / 60분 · 8개 영역)
[적재] 블록 44개 / 문항 50개
[정답분포] ①10 ②10 ③10 ④10 ⑤10
[배치] 펼침면 기준 재배치 (면 용량 978px, 블록 간격 28px)
  p 3(R)  935px  96% ███████████████████  0
  p 4(L)  957px  98% ███████████████████  1,5
  p 5(R)  499px  51% ██████████           2
  p 6(L)  557px  57% ███████████          3
  p 7(R)  958px  98% ███████████████████  4,6
  p 8(L)  869px  89% █████████████████    7,8
  p 9(R)  856px  88% █████████████████    9
  p10(L)  802px  82% ████████████████     10,11
  p11(R)  669px  68% █████████████        12,13
  p12(L)  999px 102% ████████████████████ 14
  p13(R)  977px 100% ███████████████████  15,16
  p14(L)  842px  86% █████████████████    17,18
  p15(R)  858px  88% █████████████████    19,22
  p16(L)  756px  77% ███████████████      20
  p17(R)  852px  87% █████████████████    21,26
  p18(L)  896px  92% ██████████████████   23
  p19(R)  886px  91% ██████████████████   24,25
  p20(L)  869px  89% █████████████████    27,29
  p21(R)  887px  91% ██████████████████   28
  p22(L)  725px  74% ██████████████       30,31
  p23(R)  972px  99% ███████████████████  32,37
  p24(L)  614px  63% ████████████         33
  p25(R)  941px  96% ███████████████████  34,35
  p26(L)  871px  89% █████████████████    36,38
  p27(R)  918px  94% ██████████████████   39,40
  p28(L)  886px  91% ██████████████████   41,42
  p29(R)  608px  62% ████████████         43
  평균 채움 85% / 55% 미만 면 1개
[정답순서] 01① 02⑤ 03① 04③ 05④ 06① 07⑤ 08③ 09② 10④ 11② 12⑤ 13① 14④ 15③ 16② 17⑤ 18② 19④ 20③ 21① 22③ 23② 24⑤ 25④ 26③ 27① 28④ 29② 30⑤ 31④ 32② 33① 34② 35③ 36⑤ 37④ 38① 39③ 40② 41⑤ 42① 43③ 44⑤ 45④ 46③ 47① 48④ 49② 50⑤
[출력] out\r1_public\exam.html  (PDF 미생성)
[출력] out\r1_public\solution.html  (PDF 미생성)
[안내] 브라우저로 열어 확인하고, 쪽나눔은 Ctrl+P(A4·배율 100%·여백 없음)로 본다.
