====================================================================
빌드 실행  2026-07-28 16:21:40
명령       python build.py --preview
소요       6.5초
====================================================================

[미완성] 문제해결능력: 문항 수 6개 (설계 7개), 자원관리능력(a4_resource.py 없음), 정보능력(a5_info.py 없음), 기술능력(a6_tech.py 없음), 조직이해능력(a7_org.py 없음), 직업윤리(a8_ethics.py 없음)
[적재] 블록 17개 / 문항 20개
[정답분포] ①4 ②4 ③4 ④4 ⑤4
[문항목록]
  01  의사소통능력  내용추론               정답 ①
  02  의사소통능력  사례적용               정답 ⑤
  03  의사소통능력  내용일치               정답 ②
  04  의사소통능력  공문서작성              정답 ④
  05  의사소통능력  실무문서이해             정답 ①
  06  의사소통능력  내용추론               정답 ⑤
  07  의사소통능력  문단배열               정답 ③
  08  수리능력    응용수리(일률)           정답 ③
  09  수리능력    응용수리(원가·할인)        정답 ②
  10  수리능력    자료해석(비중·증감률)       정답 ④
  11  수리능력    자료해석(비중·비교)        정답 ①
  12  수리능력    자료해석(값 산출)         정답 ⑤
  13  수리능력    자료해석(교차참조)         정답 ②
  14  수리능력    자료해석(빈칸 추론)        정답 ④
  15  문제해결능력  조건추론(배정)           정답 ③
  16  문제해결능력  조건추론(순서)           정답 ①
  17  문제해결능력  규정이해               정답 ⑤
  18  문제해결능력  사례판정               정답 ②
  19  문제해결능력  원인추론               정답 ④
  20  문제해결능력  절차적용               정답 ③
[출력] NCS_봉투모의고사_1회_문제_preview.pdf  (15쪽)
[출력] NCS_봉투모의고사_1회_해설_preview.pdf  (11쪽)
