====================================================================
빌드 실행  2026-08-01 11:34:19
회차       r1_public — 실전모의고사 제1회 (50문항 / 60분)
명령       python build.py --round r1_public --html
소요       0.7초
====================================================================

[회차] r1_public — 실전모의고사 제1회 (50문항 / 60분 · 8개 영역)
[적재] 블록 44개 / 문항 50개
[정답분포] ①10 ②10 ③10 ④10 ⑤10
[배치] 펼침면 기준 재배치 (면 용량 978px, 블록 간격 32px)
  p 3(R)  975px 100% ███████████████████  0
  p 4(L)  512px  52% ██████████           1
  p 5(R)  512px  52% ██████████           2
  p 6(L)  571px  58% ███████████          3
  p 7(R)  650px  66% █████████████        4
  p 8(L)  806px  82% ████████████████     5,6
  p 9(R)  897px  92% ██████████████████   7,8
  p10(L)  909px  93% ██████████████████   9
  p11(R)  828px  85% ████████████████     10,11
  p12(L)  696px  71% ██████████████       12,13
  p13(R)  476px  49% █████████            16
  p14(L)  479px  49% █████████            14지문
  p15(R)  883px  90% ██████████████████   14문항,17
  p16(L)  958px  98% ███████████████████  15,22
  p17(R)  940px  96% ███████████████████  18,19
  p18(L)  799px  82% ████████████████     20
  p19(R)  878px  90% █████████████████    21,26
  p20(L)  949px  97% ███████████████████  23
  p21(R)  912px  93% ██████████████████   24,25
  p22(L)  896px  92% ██████████████████   27,29
  p23(R)  931px  95% ███████████████████  28
  p24(L)  753px  77% ███████████████      30,31
  p25(R)  945px  97% ███████████████████  32,35
  p26(L)  627px  64% ████████████         33
  p27(R)  930px  95% ███████████████████  34,36
  p28(L)  539px  55% ███████████          37
  p29(R)  964px  99% ███████████████████  38,39
  p30(L)  844px  86% █████████████████    40,41
  p31(R)  500px  51% ██████████           42
  p32(L)  621px  63% ████████████         43
  평균 채움 79% / 55% 미만 면 5개
[정답순서] 01① 02⑤ 03① 04④ 05① 06⑤ 07③ 08③ 09② 10④ 11② 12⑤ 13① 14④ 15③ 16② 17③ 18⑤ 19② 20① 21④ 22⑤ 23③ 24② 25④ 26③ 27① 28④ 29② 30⑤ 31④ 32② 33① 34② 35③ 36⑤ 37④ 38① 39③ 40③ 41⑤ 42① 43⑤ 44② 45④ 46③ 47① 48④ 49② 50⑤
[안내] 재배치 후 같은 정답이 2번 이어지는 곳이 있습니다 (허용 범위).
[출력] out\r1_public\exam.html  (PDF 미생성)
[출력] out\r1_public\solution.html  (PDF 미생성)
[안내] 브라우저로 열어 확인하고, 쪽나눔은 Ctrl+P(A4·배율 100%·여백 없음)로 본다.
