====================================================================
빌드 실행  2026-07-31 11:38:34
회차       r1_public — 실전모의고사 제1회 (50문항 / 60분)
명령       python build.py
소요       10.1초
====================================================================

[회차] r1_public — 실전모의고사 제1회 (50문항 / 60분 · 8개 영역)
[적재] 블록 44개 / 문항 50개
[정답분포] ①10 ②10 ③10 ④10 ⑤10
[문항목록]
  01  의사소통능력  내용추론               정답 ①
  02  의사소통능력  사례적용               정답 ⑤
  03  의사소통능력  내용일치               정답 ①
  04  의사소통능력  공문서작성              정답 ④
  05  의사소통능력  실무문서이해             정답 ①
  06  의사소통능력  내용추론               정답 ⑤
  07  의사소통능력  문단배열               정답 ③
  08  수리능력    응용수리(일률)           정답 ③
  09  수리능력    응용수리(원가·할인)        정답 ②
  10  수리능력    자료해석(비중·증감률)       정답 ④
  11  수리능력    자료해석(비중·비교)        정답 ②
  12  수리능력    자료해석(값 산출)         정답 ⑤
  13  수리능력    자료해석(교차참조)         정답 ①
  14  수리능력    자료해석(빈칸 추론)        정답 ④
  15  문제해결능력  조건추론(배정)           정답 ③
  16  문제해결능력  조건추론(순서)           정답 ②
  17  문제해결능력  규정이해               정답 ⑤
  18  문제해결능력  사례판정               정답 ②
  19  문제해결능력  원인추론               정답 ④
  20  문제해결능력  절차적용               정답 ③
  21  문제해결능력  SWOT전략             정답 ①
  22  자원관리능력  물적자원(조건대조)         정답 ③
  23  자원관리능력  예산관리(견적비교)         정답 ②
  24  자원관리능력  규정이해               정답 ④
  25  자원관리능력  금액산출               정답 ③
  26  자원관리능력  조건대조(배정)           정답 ①
  27  자원관리능력  인적자원(가중배점)         정답 ⑤
  28  정보능력    자료판단               정답 ②
  29  정보능력    우선순위 판단            정답 ⑤
  30  정보능력    엑셀함수               정답 ④
  31  정보능력    엑셀수식검증             정답 ②
  32  정보능력    절차적용               정답 ④
  33  정보능력    코드부여               정답 ①
  34  기술능력    매뉴얼이해              정답 ③
  35  기술능력    증상별조치              정답 ⑤
  36  기술능력    내용추론               정답 ②
  37  기술능력    사양산정               정답 ④
  38  기술능력    산업재해               정답 ①
  39  기술능력    기술선택               정답 ③
  40  조직이해능력  조직구조               정답 ⑤
  41  조직이해능력  규정이해               정답 ①
  42  조직이해능력  경영전략               정답 ③
  43  조직이해능력  일정조율               정답 ⑤
  44  조직이해능력  업무프로세스             정답 ②
  45  조직이해능력  규정이해               정답 ④
  46  직업윤리    사례판정               정답 ③
  47  직업윤리    상황판단               정답 ①
  48  직업윤리    규정이해               정답 ④
  49  직업윤리    절차적용               정답 ②
  50  직업윤리    사례판정               정답 ⑤
[배치] 펼침면 기준 재배치 (면 용량 978px, 블록 간격 20px)
  p 3(R)  924px  94% ██████████████████   0
  p 4(L)  941px  96% ███████████████████  1,5
  p 5(R)  491px  50% ██████████           2
  p 6(L)  549px  56% ███████████          3
  p 7(R)  938px  96% ███████████████████  4,6
  p 8(L)  846px  87% █████████████████    7,8
  p 9(R)  833px  85% █████████████████    9
  p10(L)  782px  80% ███████████████      10,11
  p11(R)  978px 100% ████████████████████ 12,13,17
  p12(L)  980px 100% ████████████████████ 14
  p13(R)  961px  98% ███████████████████  15,16
  p14(L)  890px  91% ██████████████████   18,19
  p15(R)  736px  75% ███████████████      20
  p16(L)  800px  82% ████████████████     21,22
  p17(R)  873px  89% █████████████████    23
  p18(L)  866px  89% █████████████████    24,25
  p19(R)  783px  80% ████████████████     26,27
  p20(L)  872px  89% █████████████████    28
  p21(R)  916px  94% ██████████████████   29,30
  p22(L)  768px  79% ███████████████      31,32
  p23(R)  602px  62% ████████████         33
  p24(L)  921px  94% ██████████████████   34,35
  p25(R)  937px  96% ███████████████████  36,37
  p26(L)  917px  94% ██████████████████   38,39
  p27(R)  801px  82% ████████████████     40,41
  p28(L)  478px  49% █████████            42
  p29(R)  596px  61% ████████████         43
  평균 채움 83% / 55% 미만 면 2개
[정답순서] 01① 02⑤ 03① 04③ 05④ 06① 07⑤ 08③ 09② 10④ 11② 12⑤ 13① 14④ 15③ 16② 17① 18⑤ 19② 20④ 21③ 22③ 23② 24④ 25③ 26① 27⑤ 28② 29⑤ 30④ 31② 32④ 33① 34③ 35⑤ 36② 37④ 38① 39③ 40⑤ 41① 42③ 43⑤ 44② 45④ 46③ 47① 48④ 49② 50⑤
[출력] NCS_봉투모의고사_1회_문제.pdf  (30쪽)
[출력] NCS_봉투모의고사_1회_해설.pdf  (25쪽)
