====================================================================
빌드 실행  2026-08-01 10:56:09
회차       r1_public — 실전모의고사 제1회 (50문항 / 60분)
명령       python build.py --round r1_public --html
소요       0.8초
====================================================================

[회차] r1_public — 실전모의고사 제1회 (50문항 / 60분 · 8개 영역)
[적재] 블록 44개 / 문항 50개
[정답분포] ①10 ②10 ③10 ④10 ⑤10
[배치] 펼침면 기준 재배치 (면 용량 978px, 블록 간격 37px)
  p 3(R)  945px  97% ███████████████████  0
  p 4(L)  975px 100% ███████████████████  1,5
  p 5(R)  508px  52% ██████████           2
  p 6(L)  566px  58% ███████████          3
  p 7(R)  976px 100% ███████████████████  4,6
  p 8(L)  887px  91% ██████████████████   7,8
  p 9(R)  874px  89% █████████████████    9
  p10(L)  820px  84% ████████████████     10,11
  p11(R)  687px  70% ██████████████       12,13
  p12(L)  456px  47% █████████            14지문
  p13(R)  862px  88% █████████████████    14문항,17
  p14(L)  491px  50% ██████████           15
  p15(R)  963px  98% ███████████████████  16,22
  p16(L)  931px  95% ███████████████████  18,19
  p17(R)  774px  79% ███████████████      20
  p18(L)  870px  89% █████████████████    21,26
  p19(R)  914px  93% ██████████████████   23
  p20(L)  904px  92% ██████████████████   24,25
  p21(R)  887px  91% ██████████████████   27,29
  p22(L)  906px  93% ██████████████████   28
  p23(R)  743px  76% ███████████████      30,31
  p24(L)  936px  96% ███████████████████  32,35
  p25(R)  623px  64% ████████████         33
  p26(L)  922px  94% ██████████████████   34,36
  p27(R)  535px  55% ██████████           37
  p28(L)  955px  98% ███████████████████  38,39
  p29(R)  835px  85% █████████████████    40,41
  p30(L)  495px  51% ██████████           42
  p31(R)  617px  63% ████████████         43
  평균 채움 81% / 55% 미만 면 5개
[정답순서] 01① 02⑤ 03① 04③ 05④ 06① 07⑤ 08③ 09② 10④ 11② 12⑤ 13① 14④ 15③ 16② 17⑤ 18② 19① 20④ 21③ 22⑤ 23③ 24② 25④ 26③ 27① 28④ 29② 30⑤ 31④ 32② 33① 34② 35③ 36⑤ 37④ 38① 39③ 40③ 41⑤ 42① 43⑤ 44② 45④ 46③ 47① 48④ 49② 50⑤
[안내] 재배치 후 같은 정답이 2번 이어지는 곳이 있습니다 (허용 범위).
[출력] out\r1_public\exam.html  (PDF 미생성)
[출력] out\r1_public\solution.html  (PDF 미생성)
[안내] 브라우저로 열어 확인하고, 쪽나눔은 Ctrl+P(A4·배율 100%·여백 없음)로 본다.
