====================================================================
빌드 실행  2026-08-01 11:34:22
회차       r1_public — 실전모의고사 제1회 (50문항 / 60분)
명령       python build.py --round r1_public --html
소요       0.8초
====================================================================

[회차] r1_public — 실전모의고사 제1회 (50문항 / 60분 · 8개 영역)
[적재] 블록 44개 / 문항 50개
[정답분포] ①10 ②10 ③10 ④10 ⑤10
[배치] 펼침면 기준 재배치 (면 용량 978px, 블록 간격 32px)
  p 3(R)  622px  64% ████████████         4
  p 4(L)  485px  50% █████████            0지문
  p 5(R)  973px  99% ███████████████████  0문항,5
  p 6(L)  515px  53% ██████████           1
  p 7(R)  515px  53% ██████████           2
  p 8(L)  911px  93% ██████████████████   3,6
  p 9(R)  904px  92% ██████████████████   7,8
  p10(L)  915px  94% ██████████████████   9
  p11(R)  836px  85% █████████████████    10,11
  p12(L)  702px  72% ██████████████       12,13
  p13(R)  479px  49% █████████            16
  p14(L)  479px  49% █████████            14지문
  p15(R)  894px  91% ██████████████████   14문항,17
  p16(L)  965px  99% ███████████████████  15,22
  p17(R)  948px  97% ███████████████████  18,19
  p18(L)  806px  82% ████████████████     20
  p19(R)  884px  90% ██████████████████   21,26
  p20(L)  955px  98% ███████████████████  23
  p21(R)  920px  94% ██████████████████   24,25
  p22(L)  903px  92% ██████████████████   27,29
  p23(R)  938px  96% ███████████████████  28
  p24(L)  759px  78% ███████████████      30,31
  p25(R)  952px  97% ███████████████████  32,35
  p26(L)  631px  65% ████████████         33
  p27(R)  938px  96% ███████████████████  34,36
  p28(L)  543px  56% ███████████          37
  p29(R)  970px  99% ███████████████████  38,39
  p30(L)  850px  87% █████████████████    40,41
  p31(R)  503px  51% ██████████           42
  p32(L)  624px  64% ████████████         43
  평균 채움 79% / 55% 미만 면 6개
[정답순서] 01⑤ 02① 03⑤ 04③ 05① 06④ 07① 08③ 09② 10④ 11② 12⑤ 13① 14④ 15③ 16② 17③ 18⑤ 19② 20① 21④ 22⑤ 23③ 24② 25④ 26③ 27① 28④ 29② 30⑤ 31④ 32② 33① 34② 35③ 36⑤ 37④ 38① 39③ 40③ 41⑤ 42① 43⑤ 44② 45④ 46③ 47① 48④ 49② 50⑤
[안내] 재배치 후 같은 정답이 2번 이어지는 곳이 있습니다 (허용 범위).
[출력] out\r1_public\exam.html  (PDF 미생성)
[출력] out\r1_public\solution.html  (PDF 미생성)
[안내] 브라우저로 열어 확인하고, 쪽나눔은 Ctrl+P(A4·배율 100%·여백 없음)로 본다.
