====================================================================
빌드 실행  2026-08-01 11:31:02
회차       r1_public — 실전모의고사 제1회 (50문항 / 60분)
명령       python build.py --round r1_public --html
소요       0.8초
====================================================================

[회차] r1_public — 실전모의고사 제1회 (50문항 / 60분 · 8개 영역)
[적재] 블록 44개 / 문항 50개
[정답분포] ①10 ②10 ③10 ④10 ⑤10
[배치] 펼침면 기준 재배치 (면 용량 978px, 블록 간격 32px)
  p 3(R)  966px  99% ███████████████████  0
  p 4(L)  965px  99% ███████████████████  1,5
  p 5(R)  503px  51% ██████████           2
  p 6(L)  561px  57% ███████████          3
  p 7(R)  966px  99% ███████████████████  4,6
  p 8(L)  877px  90% █████████████████    7,8
  p 9(R)  890px  91% ██████████████████   9
  p10(L)  810px  83% ████████████████     10,11
  p11(R)  677px  69% █████████████        12,13
  p12(L)  479px  49% █████████            14지문
  p13(R)  865px  88% █████████████████    14문항,17
  p14(L)  486px  50% █████████            15
  p15(R)  953px  97% ███████████████████  16,22
  p16(L)  921px  94% ██████████████████   18,19
  p17(R)  790px  81% ████████████████     20
  p18(L)  860px  88% █████████████████    21,26
  p19(R)  930px  95% ███████████████████  23
  p20(L)  894px  91% ██████████████████   24,25
  p21(R)  877px  90% █████████████████    27,29
  p22(L)  921px  94% ██████████████████   28
  p23(R)  733px  75% ██████████████       30,31
  p24(L)  926px  95% ██████████████████   32,35
  p25(R)  618px  63% ████████████         33
  p26(L)  912px  93% ██████████████████   34,36
  p27(R)  970px  99% ███████████████████  37,38
  p28(L)  926px  95% ██████████████████   39,40
  p29(R)  894px  91% ██████████████████   41,42
  p30(L)  612px  63% ████████████         43
  평균 채움 83% / 55% 미만 면 3개
[정답순서] 01① 02⑤ 03① 04③ 05④ 06① 07⑤ 08③ 09② 10④ 11② 12⑤ 13① 14④ 15③ 16② 17⑤ 18② 19① 20④ 21③ 22⑤ 23③ 24② 25④ 26③ 27① 28④ 29② 30⑤ 31④ 32② 33① 34② 35③ 36⑤ 37④ 38① 39③ 40③ 41⑤ 42① 43⑤ 44② 45④ 46③ 47① 48④ 49② 50⑤
[안내] 재배치 후 같은 정답이 2번 이어지는 곳이 있습니다 (허용 범위).
[출력] out\r1_public\exam.html  (PDF 미생성)
[출력] out\r1_public\solution.html  (PDF 미생성)
[안내] 브라우저로 열어 확인하고, 쪽나눔은 Ctrl+P(A4·배율 100%·여백 없음)로 본다.
