====================================================================
빌드 실행  2026-07-31 16:26:13
회차       r1_public — 실전모의고사 제1회 (50문항 / 60분)
명령       python build.py --round r1_public
소요       10.9초
====================================================================

[회차] r1_public — 실전모의고사 제1회 (50문항 / 60분 · 8개 영역)
[적재] 블록 44개 / 문항 50개
[정답분포] ①10 ②10 ③10 ④10 ⑤10
[문항목록]
  01  의사소통능력  내용추론               정답 ①
  02  의사소통능력  사례적용               정답 ⑤
  03  의사소통능력  내용일치               정답 ①
  04  의사소통능력  공문서작성              정답 ④
  05  의사소통능력  실무문서이해             정답 ①
  06  의사소통능력  내용추론               정답 ⑤
  07  의사소통능력  문단배열               정답 ③
  08  수리능력    응용수리(일률)           정답 ③
  09  수리능력    응용수리(원가·할인)        정답 ②
  10  수리능력    자료해석(비중·증감률)       정답 ④
  11  수리능력    자료해석(비중·비교)        정답 ②
  12  수리능력    자료해석(값 산출)         정답 ⑤
  13  수리능력    자료해석(교차참조)         정답 ①
  14  수리능력    자료해석(빈칸 추론)        정답 ④
  15  문제해결능력  조건추론(배정)           정답 ③
  16  문제해결능력  조건추론(순서)           정답 ②
  17  문제해결능력  규정이해               정답 ⑤
  18  문제해결능력  사례판정               정답 ②
  19  문제해결능력  원인추론               정답 ④
  20  문제해결능력  절차적용               정답 ③
  21  문제해결능력  SWOT전략             정답 ①
  22  자원관리능력  물적자원(조건대조)         정답 ③
  23  자원관리능력  예산관리(견적비교)         정답 ②
  24  자원관리능력  규정이해               정답 ④
  25  자원관리능력  금액산출               정답 ③
  26  자원관리능력  조건대조(배정)           정답 ①
  27  자원관리능력  인적자원(가중배점)         정답 ⑤
  28  정보능력    자료판단               정답 ②
  29  정보능력    우선순위 판단            정답 ⑤
  30  정보능력    엑셀함수               정답 ④
  31  정보능력    엑셀수식검증             정답 ②
  32  정보능력    절차적용               정답 ④
  33  정보능력    코드부여               정답 ①
  34  기술능력    매뉴얼이해              정답 ③
  35  기술능력    증상별조치              정답 ⑤
  36  기술능력    내용추론               정답 ②
  37  기술능력    사양산정               정답 ④
  38  기술능력    산업재해               정답 ①
  39  기술능력    기술선택               정답 ③
  40  조직이해능력  조직구조               정답 ⑤
  41  조직이해능력  규정이해               정답 ①
  42  조직이해능력  경영전략               정답 ③
  43  조직이해능력  일정조율               정답 ⑤
  44  조직이해능력  업무프로세스             정답 ②
  45  조직이해능력  규정이해               정답 ④
  46  직업윤리    사례판정               정답 ③
  47  직업윤리    상황판단               정답 ①
  48  직업윤리    규정이해               정답 ④
  49  직업윤리    절차적용               정답 ②
  50  직업윤리    사례판정               정답 ⑤
[배치] 펼침면 기준 재배치 (면 용량 978px, 블록 간격 28px)
  p 3(R)  932px  95% ███████████████████  0
  p 4(L)  957px  98% ███████████████████  1,5
  p 5(R)  499px  51% ██████████           2
  p 6(L)  557px  57% ███████████          3
  p 7(R)  954px  98% ███████████████████  4,6
  p 8(L)  862px  88% █████████████████    7,8
  p 9(R)  848px  87% █████████████████    9
  p10(L)  798px  82% ████████████████     10,11
  p11(R)  665px  68% █████████████        12,13
  p12(L)  996px 102% ████████████████████ 14
  p13(R)  977px 100% ███████████████████  15,16
  p14(L)  838px  86% █████████████████    17,18
  p15(R)  851px  87% █████████████████    19,22
  p16(L)  752px  77% ███████████████      20
  p17(R)  852px  87% █████████████████    21,26
  p18(L)  888px  91% ██████████████████   23
  p19(R)  882px  90% ██████████████████   24,25
  p20(L)  866px  89% █████████████████    27,29
  p21(R)  887px  91% ██████████████████   28
  p22(L)  721px  74% ██████████████       30,31
  p23(R)  968px  99% ███████████████████  32,37
  p24(L)  610px  62% ████████████         33
  p25(R)  937px  96% ███████████████████  34,35
  p26(L)  867px  89% █████████████████    36,38
  p27(R)  914px  93% ██████████████████   39,40
  p28(L)  886px  91% ██████████████████   41,42
  p29(R)  604px  62% ████████████         43
  평균 채움 85% / 55% 미만 면 1개
[정답순서] 01① 02⑤ 03① 04③ 05④ 06① 07⑤ 08③ 09② 10④ 11② 12⑤ 13① 14④ 15③ 16② 17⑤ 18② 19④ 20③ 21① 22③ 23② 24⑤ 25④ 26③ 27① 28④ 29② 30⑤ 31④ 32② 33① 34② 35③ 36⑤ 37④ 38① 39③ 40② 41⑤ 42① 43③ 44⑤ 45④ 46③ 47① 48④ 49② 50⑤
[출력] NCS_봉투모의고사_1회_문제.pdf  (30쪽)
[출력] NCS_봉투모의고사_1회_해설.pdf  (25쪽)
