====================================================================
빌드 실행  2026-08-01 10:56:40
회차       r2_korail — 실전모의고사 제2회 (30문항 / 35분)
명령       python build.py --round r2_korail --html
소요       0.7초
====================================================================

[회차] r2_korail — 실전모의고사 제2회 (30문항 / 35분 · 3개 영역)
[적재] 블록 27개 / 문항 30개
[정답분포] ①6 ②6 ③6 ④6 ⑤6
[배치] 펼침면 기준 재배치 (면 용량 978px, 블록 간격 32px)
  p 3(R)  928px  95% ██████████████████   0,1,2,3,4
  p 4(L)  802px  82% ████████████████     5,6
  p 5(R)  757px  77% ███████████████      7
  p 6(L)  967px  99% ███████████████████  8,9,10,11
  p 7(R)  909px  93% ██████████████████   12,13,14,15,17
  p 8(L)  850px  87% █████████████████    16,18
  p 9(R)  963px  98% ███████████████████  19,20,21
  p10(L)  907px  93% ██████████████████   22,23,24
  p11(R)  894px  91% ██████████████████   25,26
  평균 채움 91% / 55% 미만 면 0개
[정답순서] 01① 02③ 03⑤ 04② 05④ 06① 07③ 08⑤ 09② 10④ 11③ 12④ 13⑤ 14① 15③ 16② 17④ 18② 19① 20⑤ 21④ 22② 23⑤ 24① 25③ 26④ 27② 28⑤ 29① 30③
[출제이유] 30/30문항 기록
[출력] out\r2_korail\exam.html  (PDF 미생성)
[출력] out\r2_korail\solution.html  (PDF 미생성)
[출력] out\r2_korail\rationale.html  (PDF 미생성)
[안내] 브라우저로 열어 확인하고, 쪽나눔은 Ctrl+P(A4·배율 100%·여백 없음)로 본다.
