====================================================================
빌드 실행  2026-08-01 11:34:20
회차       r2_korail — 실전모의고사 제2회 (30문항 / 35분)
명령       python build.py --round r2_korail --html
소요       0.7초
====================================================================

[회차] r2_korail — 실전모의고사 제2회 (30문항 / 35분 · 3개 영역)
[적재] 블록 27개 / 문항 30개
[정답분포] ①6 ②6 ③6 ④6 ⑤6
[배치] 펼침면 기준 재배치 (면 용량 978px, 블록 간격 32px)
  p 3(R)  938px  96% ███████████████████  0,1,2,3,4
  p 4(L)  820px  84% ████████████████     5,6
  p 5(R)  784px  80% ████████████████     7
  p 6(L)  917px  94% ██████████████████   8,9,10,14
  p 7(R)  712px  73% ██████████████       11,12,13,15
  p 8(L)  890px  91% ██████████████████   16,17
  p 9(R)  864px  88% █████████████████    18,19,20
  p10(L)  785px  80% ████████████████     21,22
  p11(R)  743px  76% ███████████████      23,24,25
  p12(L)  743px  76% ███████████████      26
  평균 채움 84% / 55% 미만 면 0개
[정답순서] 01① 02③ 03⑤ 04② 05④ 06① 07③ 08⑤ 09② 10④ 11③ 12④ 13② 14⑤ 15① 16③ 17④ 18① 19⑤ 20② 21④ 22② 23⑤ 24① 25③ 26④ 27② 28⑤ 29① 30③
[출제이유] 30/30문항 기록
[출력] out\r2_korail\exam.html  (PDF 미생성)
[출력] out\r2_korail\solution.html  (PDF 미생성)
[출력] out\r2_korail\rationale.html  (PDF 미생성)
[안내] 브라우저로 열어 확인하고, 쪽나눔은 Ctrl+P(A4·배율 100%·여백 없음)로 본다.
