====================================================================
빌드 실행  2026-08-15 23:33:37
회차       r2_korail — 실전모의고사 제2회 (30문항 / 35분)
명령       python build.py --round r2_korail --html
소요       0.6초
====================================================================

[회차] r2_korail — 실전모의고사 제2회 (30문항 / 35분 · 3개 영역)
[적재] 블록 27개 / 문항 30개
[정답분포] ①6 ②6 ③6 ④6 ⑤6
[배치] 펼침면 기준 재배치 (면 용량 978px, 블록 간격 32px)
  p 3(R)  953px  97% ███████████████████  0,1,2,3,4
  p 4(L)  785px  80% ████████████████     5,6
  p 5(R)  765px  78% ███████████████      7
  p 6(L)  911px  93% ██████████████████   8,9,10,14
  p 7(R)  727px  74% ██████████████       11,12,13,15
  p 8(L)  901px  92% ██████████████████   16,17
  p 9(R)  873px  89% █████████████████    18,19,20
  p10(L)  792px  81% ████████████████     21,22
  p11(R)  753px  77% ███████████████      23,24,25
  p12(L)  751px  77% ███████████████      26
  평균 채움 84% / 55% 미만 면 0개
[문항지도] 30문항 · 10면 → page_map.json
[정답순서] 01① 02③ 03⑤ 04② 05④ 06① 07③ 08⑤ 09② 10④ 11③ 12④ 13② 14⑤ 15① 16③ 17④ 18① 19⑤ 20② 21④ 22② 23⑤ 24① 25③ 26④ 27② 28⑤ 29① 30③
[출제이유] 30/30문항 기록
[출력] out\r2_korail\exam.html  (PDF 미생성)
[출력] out\r2_korail\solution.html  (PDF 미생성)
[출력] out\r2_korail\rationale.html  (PDF 미생성)
[안내] 브라우저로 열어 확인하고, 쪽나눔은 Ctrl+P(A4·배율 100%·여백 없음)로 본다.
