====================================================================
빌드 실행  2026-07-31 16:10:19
회차       r2_korail — 실전모의고사 제2회 (30문항 / 35분)
명령       python build.py --round r2_korail
소요       12.5초
====================================================================

[회차] r2_korail — 실전모의고사 제2회 (30문항 / 35분 · 3개 영역)
[적재] 블록 27개 / 문항 30개
[정답분포] ①6 ②6 ③6 ④6 ⑤6
[문항목록]
  01  의사소통능력  사자성어               정답 ①
  02  의사소통능력  속담적용               정답 ③
  03  의사소통능력  맞춤법                정답 ⑤
  04  의사소통능력  어휘구분               정답 ②
  05  의사소통능력  품사구분               정답 ④
  06  의사소통능력  접속어                정답 ①
  07  의사소통능력  문장삽입               정답 ③
  08  의사소통능력  제목찾기               정답 ⑤
  09  의사소통능력  내용일치               정답 ②
  10  의사소통능력  내용추론               정답 ④
  11  수리능력    나머지                정답 ③
  12  수리능력    진법변환               정답 ④
  13  수리능력    규칙찾기               정답 ⑤
  14  수리능력    도형넓이               정답 ①
  15  수리능력    도형둘레               정답 ③
  16  수리능력    확률                 정답 ②
  17  수리능력    경우의수               정답 ④
  18  수리능력    자료해석               정답 ①
  19  수리능력    자료해석               정답 ⑤
  20  수리능력    금액산출               정답 ②
  21  문제해결능력  명제추론               정답 ④
  22  문제해결능력  명제추론               정답 ②
  23  문제해결능력  논리오류               정답 ⑤
  24  문제해결능력  모듈적용               정답 ①
  25  문제해결능력  모듈적용               정답 ③
  26  문제해결능력  모듈적용               정답 ④
  27  문제해결능력  모듈적용               정답 ②
  28  문제해결능력  모듈적용               정답 ⑤
  29  문제해결능력  조건대조               정답 ①
  30  문제해결능력  금액산출               정답 ③
[배치] 펼침면 기준 재배치 (면 용량 978px, 블록 간격 20px)
  p 3(R)  876px  90% █████████████████    0,1,2,3,4
  p 4(L)  770px  79% ███████████████      5,6
  p 5(R)  734px  75% ███████████████      7
  p 6(L)  909px  93% ██████████████████   8,9,10,11
  p 7(R)  831px  85% ████████████████     12,13,14,15,17
  p 8(L)  976px 100% ███████████████████  16,18,25
  p 9(R)  923px  94% ██████████████████   19,20,21
  p10(L)  863px  88% █████████████████    22,23,24
  p11(R)  686px  70% ██████████████       26
  평균 채움 86% / 55% 미만 면 0개
[정답순서] 01① 02③ 03⑤ 04② 05④ 06① 07③ 08⑤ 09② 10④ 11③ 12④ 13⑤ 14① 15③ 16② 17④ 18② 19① 20⑤ 21④ 22⑤ 23② 24⑤ 25① 26③ 27④ 28② 29① 30③
[출력] NCS_봉투모의고사_2회_코레일_문제.pdf  (12쪽)
[출력] NCS_봉투모의고사_2회_코레일_해설.pdf  (15쪽)
