====================================================================
빌드 실행  2026-08-03 09:42:03
회차       r2_korail — 실전모의고사 제2회 (30문항 / 35분)
명령       python build.py --round r2_korail
소요       16.3초
====================================================================

[회차] r2_korail — 실전모의고사 제2회 (30문항 / 35분 · 3개 영역)
[적재] 블록 27개 / 문항 30개
[정답분포] ①6 ②6 ③6 ④6 ⑤6
[문항목록]
  01  의사소통능력  사자성어               정답 ①
  02  의사소통능력  속담적용               정답 ③
  03  의사소통능력  맞춤법                정답 ⑤
  04  의사소통능력  어휘구분               정답 ②
  05  의사소통능력  품사구분               정답 ④
  06  의사소통능력  접속어                정답 ①
  07  의사소통능력  문장삽입               정답 ③
  08  의사소통능력  제목찾기               정답 ⑤
  09  의사소통능력  내용일치               정답 ②
  10  의사소통능력  내용추론               정답 ④
  11  수리능력    나머지                정답 ③
  12  수리능력    진법변환               정답 ④
  13  수리능력    규칙찾기               정답 ⑤
  14  수리능력    도형넓이               정답 ①
  15  수리능력    도형둘레               정답 ③
  16  수리능력    확률                 정답 ②
  17  수리능력    경우의수               정답 ④
  18  수리능력    자료해석               정답 ①
  19  수리능력    자료해석               정답 ⑤
  20  수리능력    금액산출               정답 ②
  21  문제해결능력  명제추론               정답 ④
  22  문제해결능력  명제추론               정답 ②
  23  문제해결능력  논리오류               정답 ⑤
  24  문제해결능력  모듈적용               정답 ①
  25  문제해결능력  모듈적용               정답 ③
  26  문제해결능력  모듈적용               정답 ④
  27  문제해결능력  모듈적용               정답 ②
  28  문제해결능력  모듈적용               정답 ⑤
  29  문제해결능력  조건대조               정답 ①
  30  문제해결능력  금액산출               정답 ③
[배치] 펼침면 기준 재배치 (면 용량 978px, 블록 간격 32px)
  p 3(R)  953px  97% ███████████████████  0,1,2,3,4
  p 4(L)  828px  85% ████████████████     5,6
  p 5(R)  792px  81% ████████████████     7
  p 6(L)  933px  95% ███████████████████  8,9,10,14
  p 7(R)  727px  74% ██████████████       11,12,13,15
  p 8(L)  901px  92% ██████████████████   16,17
  p 9(R)  873px  89% █████████████████    18,19,20
  p10(L)  792px  81% ████████████████     21,22
  p11(R)  753px  77% ███████████████      23,24,25
  p12(L)  751px  77% ███████████████      26
  평균 채움 85% / 55% 미만 면 0개
[정답순서] 01① 02③ 03⑤ 04② 05④ 06① 07③ 08⑤ 09② 10④ 11③ 12④ 13② 14⑤ 15① 16③ 17④ 18① 19⑤ 20② 21④ 22② 23⑤ 24① 25③ 26④ 27② 28⑤ 29① 30③
[출제이유] 30/30문항 기록
[출력] NCS_봉투모의고사_2회_코레일_문제.pdf  (13쪽)
[출력] NCS_봉투모의고사_2회_코레일_해설.pdf  (14쪽)
[출력] NCS_봉투모의고사_2회_코레일_출제이유.pdf  (10쪽)
