====================================================================
빌드 실행  2026-07-31 15:46:19
회차       r2_korail — 실전모의고사 제2회 (30문항 / 35분)
명령       python build.py --round r2_korail --html --preview
소요       0.7초
====================================================================

[회차] r2_korail — 실전모의고사 제2회 (30문항 / 35분 · 3개 영역)
[미완성] 수리능력(k2_math.py 없음), 문제해결능력(k3_problem.py 없음)
[적재] 블록 9개 / 문항 10개
[정답분포] ①2 ②2 ③2 ④2 ⑤2
[배치] 펼침면 기준 재배치 (면 용량 978px, 블록 간격 20px)
  p 3(R)  901px  92% ██████████████████   0,1,2,3,4
  p 4(L)  770px  79% ███████████████      5,6
  p 5(R)  734px  75% ███████████████      7
  p 6(L)  447px  46% █████████            8
  평균 채움 73% / 55% 미만 면 1개
[정답순서] 01① 02③ 03⑤ 04② 05④ 06① 07③ 08⑤ 09② 10④
[출력] out\r2_korail\exam_preview.html  (PDF 미생성)
[출력] out\r2_korail\solution_preview.html  (PDF 미생성)
[안내] 브라우저로 열어 확인하고, 쪽나눔은 Ctrl+P(A4·배율 100%·여백 없음)로 본다.
