====================================================================
빌드 실행  2026-08-01 11:31:04
회차       r3_korail — 실전모의고사 제3회 (30문항 / 35분)
명령       python build.py --round r3_korail --html
소요       0.7초
====================================================================

[회차] r3_korail — 실전모의고사 제3회 (30문항 / 35분 · 3개 영역)
[적재] 블록 27개 / 문항 30개
[정답분포] ①6 ②6 ③6 ④6 ⑤6
[배치] 펼침면 기준 재배치 (면 용량 978px, 블록 간격 32px)
  p 3(R)  813px  83% ████████████████     0,1,2,3,4
  p 4(L)  853px  87% █████████████████    5,6
  p 5(R)  776px  79% ███████████████      7
  p 6(L)  973px  99% ███████████████████  8,9,10,11,15
  p 7(R)  838px  86% █████████████████    12,13,14,17
  p 8(L)  876px  90% █████████████████    16,18
  p 9(R)  683px  70% █████████████        19,20
  p10(L)  674px  69% █████████████        21,22
  p11(R)  951px  97% ███████████████████  23,24,25
  p12(L)  601px  61% ████████████         26
  평균 채움 82% / 55% 미만 면 0개
[정답순서] 01④ 02② 03① 04⑤ 05② 06④ 07⑤ 08③ 09① 10③ 11① 12④ 13⑤ 14③ 15② 16③ 17⑤ 18① 19② 20④ 21③ 22① 23④ 24② 25⑤ 26④ 27③ 28① 29⑤ 30②
[출제이유] 30/30문항 기록
[출력] out\r3_korail\exam.html  (PDF 미생성)
[출력] out\r3_korail\solution.html  (PDF 미생성)
[출력] out\r3_korail\rationale.html  (PDF 미생성)
[안내] 브라우저로 열어 확인하고, 쪽나눔은 Ctrl+P(A4·배율 100%·여백 없음)로 본다.
