====================================================================
빌드 실행  2026-07-31 17:33:47
회차       r3_korail — 실전모의고사 제3회 (30문항 / 35분)
명령       python build.py --round r3_korail
소요       11.9초
====================================================================

[회차] r3_korail — 실전모의고사 제3회 (30문항 / 35분 · 3개 영역)
[적재] 블록 27개 / 문항 30개
[정답분포] ①6 ②6 ③6 ④6 ⑤6
[문항목록]
  01  의사소통능력  사자성어               정답 ④
  02  의사소통능력  외래어표기              정답 ②
  03  의사소통능력  맞춤법                정답 ①
  04  의사소통능력  어휘구분               정답 ⑤
  05  의사소통능력  띄어쓰기               정답 ②
  06  의사소통능력  문단제목               정답 ④
  07  의사소통능력  빈칸어휘               정답 ⑤
  08  의사소통능력  제목찾기               정답 ③
  09  의사소통능력  내용일치               정답 ①
  10  의사소통능력  지시대상               정답 ③
  11  수리능력    나머지                정답 ①
  12  수리능력    진법변환               정답 ④
  13  수리능력    곱셈요령               정답 ⑤
  14  수리능력    도형넓이               정답 ②
  15  수리능력    도형넓이               정답 ③
  16  수리능력    확률                 정답 ⑤
  17  수리능력    경우의수               정답 ③
  18  수리능력    값짝짓기               정답 ②
  19  수리능력    자료해석               정답 ④
  20  수리능력    금액산출               정답 ①
  21  문제해결능력  명제추론               정답 ③
  22  문제해결능력  논리오류               정답 ①
  23  문제해결능력  모듈적용               정답 ④
  24  문제해결능력  모듈적용               정답 ②
  25  문제해결능력  모듈적용               정답 ⑤
  26  문제해결능력  모듈적용               정답 ④
  27  문제해결능력  모듈적용               정답 ③
  28  문제해결능력  조건추리               정답 ①
  29  문제해결능력  조건추리               정답 ⑤
  30  문제해결능력  조건추리               정답 ②
[배치] 펼침면 기준 재배치 (면 용량 978px, 블록 간격 28px)
  p 3(R)  784px  80% ████████████████     0,1,2,3,4
  p 4(L)  845px  86% █████████████████    5,6
  p 5(R)  742px  76% ███████████████      7
  p 6(L)  943px  96% ███████████████████  8,9,10,11,12
  p 7(R)  799px  82% ████████████████     13,14,15,17
  p 8(L)  834px  85% █████████████████    16,18
  p 9(R)  671px  69% █████████████        19,20
  p10(L)  976px 100% ███████████████████  21,22,24
  p11(R)  621px  63% ████████████         23,25
  p12(L)  559px  57% ███████████          26
  평균 채움 79% / 55% 미만 면 0개
[정답순서] 01④ 02② 03① 04⑤ 05② 06④ 07⑤ 08③ 09① 10③ 11① 12④ 13⑤ 14② 15③ 16⑤ 17③ 18① 19② 20④ 21③ 22① 23④ 24② 25⑤ 26③ 27④ 28① 29⑤ 30②
[출제이유] 30/30문항 기록
[출력] NCS_봉투모의고사_3회_코레일_문제.pdf  (13쪽)
[출력] NCS_봉투모의고사_3회_코레일_해설.pdf  (16쪽)
[출력] NCS_봉투모의고사_3회_코레일_출제이유.pdf  (11쪽)
