====================================================================
빌드 실행  2026-08-01 11:35:32
회차       r3_korail — 실전모의고사 제3회 (30문항 / 35분)
명령       python build.py --round r3_korail
소요       11.5초
====================================================================

[회차] r3_korail — 실전모의고사 제3회 (30문항 / 35분 · 3개 영역)
[적재] 블록 27개 / 문항 30개
[정답분포] ①6 ②6 ③6 ④6 ⑤6
[문항목록]
  01  의사소통능력  사자성어               정답 ④
  02  의사소통능력  외래어표기              정답 ②
  03  의사소통능력  맞춤법                정답 ①
  04  의사소통능력  어휘구분               정답 ⑤
  05  의사소통능력  띄어쓰기               정답 ②
  06  의사소통능력  문단제목               정답 ④
  07  의사소통능력  빈칸어휘               정답 ⑤
  08  의사소통능력  제목찾기               정답 ③
  09  의사소통능력  내용일치               정답 ①
  10  의사소통능력  지시대상               정답 ③
  11  수리능력    나머지                정답 ①
  12  수리능력    진법변환               정답 ④
  13  수리능력    곱셈요령               정답 ⑤
  14  수리능력    도형넓이               정답 ②
  15  수리능력    도형넓이               정답 ③
  16  수리능력    확률                 정답 ⑤
  17  수리능력    경우의수               정답 ③
  18  수리능력    값짝짓기               정답 ②
  19  수리능력    자료해석               정답 ④
  20  수리능력    금액산출               정답 ①
  21  문제해결능력  명제추론               정답 ③
  22  문제해결능력  논리오류               정답 ①
  23  문제해결능력  모듈적용               정답 ④
  24  문제해결능력  모듈적용               정답 ②
  25  문제해결능력  모듈적용               정답 ⑤
  26  문제해결능력  모듈적용               정답 ④
  27  문제해결능력  모듈적용               정답 ③
  28  문제해결능력  조건추리               정답 ①
  29  문제해결능력  조건추리               정답 ⑤
  30  문제해결능력  조건추리               정답 ②
[배치] 펼침면 기준 재배치 (면 용량 978px, 블록 간격 32px)
  p 3(R)  840px  86% █████████████████    0,1,2,3,4
  p 4(L)  879px  90% █████████████████    5,6
  p 5(R)  784px  80% ████████████████     7
  p 6(L)  820px  84% ████████████████     8,9,10,11
  p 7(R)  774px  79% ███████████████      12,13,14,15
  p 8(L)  901px  92% ██████████████████   16,17
  p 9(R)  955px  98% ███████████████████  18,19,21
  p10(L)  745px  76% ███████████████      20,22
  p11(R)  667px  68% █████████████        23,24
  p12(L)  930px  95% ███████████████████  25,26
  평균 채움 85% / 55% 미만 면 0개
[정답순서] 01④ 02② 03① 04⑤ 05② 06④ 07⑤ 08③ 09① 10③ 11① 12④ 13⑤ 14② 15③ 16⑤ 17③ 18② 19④ 20① 21③ 22① 23② 24④ 25⑤ 26④ 27③ 28① 29⑤ 30②
[출제이유] 30/30문항 기록
[출력] NCS_봉투모의고사_3회_코레일_문제.pdf  (13쪽)
[출력] NCS_봉투모의고사_3회_코레일_해설.pdf  (16쪽)
[출력] NCS_봉투모의고사_3회_코레일_출제이유.pdf  (11쪽)
