====================================================================
빌드 실행  2026-08-01 10:56:11
회차       r3_korail — 실전모의고사 제3회 (30문항 / 35분)
명령       python build.py --round r3_korail --html
소요       0.7초
====================================================================

[회차] r3_korail — 실전모의고사 제3회 (30문항 / 35분 · 3개 영역)
[적재] 블록 27개 / 문항 30개
[정답분포] ①6 ②6 ③6 ④6 ⑤6
[배치] 펼침면 기준 재배치 (면 용량 978px, 블록 간격 37px)
  p 3(R)  833px  85% █████████████████    0,1,2,3,4
  p 4(L)  863px  88% █████████████████    5,6
  p 5(R)  760px  78% ███████████████      7
  p 6(L)  815px  83% ████████████████     8,9,10,11
  p 7(R)  751px  77% ███████████████      12,13,14,15
  p 8(L)  870px  89% █████████████████    16,17
  p 9(R)  978px 100% ████████████████████ 18,19,20
  p10(L)  684px  70% █████████████        21,22
  p11(R)  966px  99% ███████████████████  23,24,25
  p12(L)  585px  60% ███████████          26
  평균 채움 83% / 55% 미만 면 0개
[정답순서] 01④ 02② 03① 04⑤ 05② 06④ 07⑤ 08③ 09① 10③ 11① 12④ 13⑤ 14② 15③ 16⑤ 17③ 18② 19④ 20① 21③ 22① 23④ 24② 25⑤ 26④ 27③ 28① 29⑤ 30②
[출제이유] 30/30문항 기록
[출력] out\r3_korail\exam.html  (PDF 미생성)
[출력] out\r3_korail\solution.html  (PDF 미생성)
[출력] out\r3_korail\rationale.html  (PDF 미생성)
[안내] 브라우저로 열어 확인하고, 쪽나눔은 Ctrl+P(A4·배율 100%·여백 없음)로 본다.
