====================================================================
빌드 실행  2026-08-28 17:05:53
회차       r7_cs — 전산 실전모의고사 제1회 (40문항 / 50분)
명령       python build.py --round r7_cs
소요       9.3초
====================================================================

[회차] r7_cs — 전산 실전모의고사 제1회 (40문항 / 50분 · 8개 영역)
[적재] 블록 40개 / 문항 40개
[정답분포] ①10 ②9 ③7 ④8 ⑤6
[문항목록]
  01  전자계산기구조 캐시                 정답 ③
  02  전자계산기구조 수체계                정답 ①
  03  운영체제    스케줄링               정답 ④
  04  운영체제    페이지교체              정답 ④
  05  운영체제    교착                 정답 ⑤
  06  운영체제    동기화                정답 ②
  07  데이터베이스론 정규화                정답 ③
  08  데이터베이스론 SQL                정답 ④
  09  데이터베이스론 SQL                정답 ②
  10  데이터베이스론 정규화                정답 ④
  11  데이터베이스론 트랜잭션               정답 ⑤
  12  데이터베이스론 인덱스                정답 ④
  13  데이터베이스론 관계대수               정답 ②
  14  데이터베이스론 SQL                정답 ①
  15  데이터통신   프레이밍               정답 ②
  16  데이터통신   변조·부호화             정답 ④
  17  네트워크    서브네팅               정답 ②
  18  네트워크    전송계층               정답 ①
  19  네트워크    라우팅                정답 ③
  20  네트워크    계층                 정답 ⑤
  21  네트워크    응용계층               정답 ①
  22  네트워크    데이터링크              정답 ①
  23  네트워크    성능                 정답 ②
  24  네트워크    IP주소               정답 ②
  25  소프트웨어공학 테스트                정답 ①
  26  소프트웨어공학 프로젝트관리             정답 ③
  27  소프트웨어공학 설계                 정답 ⑤
  28  소프트웨어공학 테스트                정답 ③
  29  프로그래밍언어 포인터                정답 ①
  30  프로그래밍언어 배열                 정답 ③
  31  프로그래밍언어 재귀                 정답 ④
  32  프로그래밍언어 자료구조               정답 ②
  33  프로그래밍언어 복잡도                정답 ①
  34  프로그래밍언어 객체지향               정답 ⑤
  35  프로그래밍언어 자료형                정답 ①
  36  정보보안    암호                 정답 ①
  37  정보보안    암호                 정답 ②
  38  정보보안    전자서명               정답 ④
  39  정보보안    접근통제               정답 ③
  40  정보보안    웹취약점               정답 ⑤
[배치] 펼침면 기준 재배치 (면 용량 978px, 블록 간격 32px)
  p 3(R)  883px  90% ██████████████████   0,1,2
  p 4(L)  716px  73% ██████████████       3,4
  p 5(R)  926px  95% ██████████████████   5,6,10
  p 6(L)  953px  97% ███████████████████  7,11
  p 7(R)  710px  73% ██████████████       8,9
  p 8(L)  944px  97% ███████████████████  12,13
  p 9(R)  961px  98% ███████████████████  14,15,21
  p10(L)  971px  99% ███████████████████  16,17,19
  p11(R)  901px  92% ██████████████████   18,20,22
  p12(L)  968px  99% ███████████████████  23,24,26
  p13(R)  768px  79% ███████████████      25,27
  p14(L)  976px 100% ███████████████████  28,29,30
  p15(R)  938px  96% ███████████████████  31,32,33
  p16(L)  908px  93% ██████████████████   34,35,36
  p17(R)  815px  83% ████████████████     37,38
  p18(L)  242px  25% ████                 39
  평균 채움 87% / 55% 미만 면 1개
[정답순서] 01③ 02① 03④ 04④ 05⑤ 06② 07③ 08⑤ 09④ 10④ 11② 12④ 13② 14① 15② 16④ 17① 18② 19① 20⑤ 21③ 22① 23② 24② 25① 26⑤ 27③ 28③ 29① 30③ 31④ 32② 33① 34⑤ 35① 36① 37② 38④ 39③ 40⑤
[안내] 재배치 후 같은 정답이 2번 이어지는 곳이 있습니다 (허용 범위).
[출력] 전산_봉투모의고사_1회_문제.pdf  (19쪽)
[문항지도] 40문항 · 16면 → page_map.json
[출력] 전산_봉투모의고사_1회_해설.pdf  (22쪽)
